dmpv2://mono/data/traffic_lens_det_roilist/20220809_220_lens_batch_all/20220811-111713/data.rec
dmpv2://mono/fan.lv/data/traffic_lens_det_roilist/20220809_220_lens_batch_all/20220811-111713/data.anno.pb_rec
dmpv2://mono/data/traffic_lens_det_roilist/20220809_220_lens_batch_all/20220811-111713/data.rec.idx
dmpv2://mono/data/traffic_lens_det_roilist/20220811_323_lens_batch_all/20220816-184600/data.rec
dmpv2://mono/fan.lv/data/traffic_lens_det_roilist/20220811_323_lens_batch_all/20220816-184600/data.anno.pb_rec
dmpv2://mono/data/traffic_lens_det_roilist/20220811_323_lens_batch_all/20220816-184600/data.rec.idx
dmpv2://mono/data/traffic_lens_det_roilist/20221024_820_lens_batch_all_online_roi/20221030-131812/data.rec
dmpv2://mono/data/traffic_lens_det_roilist/20221024_820_lens_batch_all_online_roi/20221030-131812/data.anno.pb_rec
dmpv2://mono/data/traffic_lens_det_roilist/20221024_820_lens_batch_all_online_roi/20221030-131812/data.rec.idx
dmpv2://mono/data/traffic_lens_det_roilist/20221024_10652_lens_batch_all_online_roi/20221026-024633/data.rec
dmpv2://mono/data/traffic_lens_det_roilist/20221024_10652_lens_batch_all_online_roi/20221026-024633/data.anno.pb_rec
dmpv2://mono/data/traffic_lens_det_roilist/20221024_10652_lens_batch_all_online_roi/20221026-024633/data.rec.idx
dmpv2://mono/data/traffic_lens_det_roilist/20230622_x8b_lens_det_batch_all/20230624-175618/data.rec
dmpv2://mono/data/traffic_lens_det_roilist/20230622_x8b_lens_det_batch_all/20230624-175618/data.anno.pb_rec
dmpv2://mono/data/traffic_lens_det_roilist/20230622_x8b_lens_det_batch_all/20230624-175618/data.rec.idx
dmpv2://mono/data/traffic_lens_det_roilist/20230622_badcase_day_lens_det_batch_all/20230624-132033/data.rec
dmpv2://mono/data/traffic_lens_det_roilist/20230622_badcase_day_lens_det_batch_all/20230624-132033/data.anno.pb_rec
dmpv2://mono/data/traffic_lens_det_roilist/20230622_badcase_day_lens_det_batch_all/20230624-132033/data.rec.idx
dmpv2://mono/data/traffic_lens_night_det_roilist/20230622_badcase_night_lens_batch_all/20230624-135623/data.rec
dmpv2://mono/data/traffic_lens_night_det_roilist/20230622_badcase_night_lens_batch_all/20230624-135623/data.anno.pb_rec
dmpv2://mono/data/traffic_lens_night_det_roilist/20230622_badcase_night_lens_batch_all/20230624-135623/data.rec.idx
dmpv2://mono/data/traffic_lens_det_roilist/20230519_sd_x8b_lens_det_batch_all/20230522-114919/data.rec
dmpv2://mono/data/traffic_lens_det_roilist/20230519_sd_x8b_lens_det_batch_all/20230522-114919/data.anno.pb_rec
dmpv2://mono/data/traffic_lens_det_roilist/20230519_sd_x8b_lens_det_batch_all/20230522-114919/data.rec.idx
dmpv2://mono/data/traffic_lens_det_roilist/20230622_sd_badcase_day_lens_det_batch_all/20230624-144023/data.rec
dmpv2://mono/data/traffic_lens_det_roilist/20230622_sd_badcase_day_lens_det_batch_all/20230624-144023/data.anno.pb_rec
dmpv2://mono/data/traffic_lens_det_roilist/20230622_sd_badcase_day_lens_det_batch_all/20230624-144023/data.rec.idx
dmpv2://mono/data/traffic_lens_night_det_roilist/20230622_sd_badcase_night_lens_det_batch_all/20230624-144915/data.rec
dmpv2://mono/data/traffic_lens_night_det_roilist/20230622_sd_badcase_night_lens_det_batch_all/20230624-144915/data.anno.pb_rec
dmpv2://mono/data/traffic_lens_night_det_roilist/20230622_sd_badcase_night_lens_det_batch_all/20230624-144915/data.rec.idx
dmpv2://mono/data/traffic_lens_det_roilist/20230519_sd_x8b_ov30_badcase_lens_det_batch_3/20230520-012856/data.rec
dmpv2://mono/data/traffic_lens_det_roilist/20230519_sd_x8b_ov30_badcase_lens_det_batch_3/20230520-012856/data.anno.pb_rec
dmpv2://mono/data/traffic_lens_det_roilist/20230519_sd_x8b_ov30_badcase_lens_det_batch_3/20230520-012856/data.rec.idx
dmpv2://mono/data/traffic_light_color_cls/20230608_220_color_batch_all/20230608-201753/data.rec
dmpv2://mono/data/traffic_light_color_cls/20230608_220_color_batch_all/20230608-201753/data.anno.pb_rec
dmpv2://mono/data/traffic_light_color_cls/20230608_220_color_batch_all/20230608-201753/data.rec.idx
dmpv2://mono/data/traffic_light_color_cls/20230608_323_color_batch_all/20230608-224508/data.rec
dmpv2://mono/data/traffic_light_color_cls/20230608_323_color_batch_all/20230608-224508/data.anno.pb_rec
dmpv2://mono/data/traffic_light_color_cls/20230608_323_color_batch_all/20230608-224508/data.rec.idx
dmpv2://mono/data/traffic_light_color_cls/20230608_820_color_batch_all/20230609-002741/data.rec
dmpv2://mono/data/traffic_light_color_cls/20230608_820_color_batch_all/20230609-002741/data.anno.pb_rec
dmpv2://mono/data/traffic_light_color_cls/20230608_820_color_batch_all/20230609-002741/data.rec.idx
dmpv2://mono/data/traffic_light_color_cls/20230608_10652_color_batch_all/20230608-224722/data.rec
dmpv2://mono/data/traffic_light_color_cls/20230608_10652_color_batch_all/20230608-224722/data.anno.pb_rec
dmpv2://mono/data/traffic_light_color_cls/20230608_10652_color_batch_all/20230608-224722/data.rec.idx
dmpv2://mono/data/traffic_light_color_cls/20230622_x8b_color_batch_all_cls7/20230621-224314/data.rec
dmpv2://mono/data/traffic_light_color_cls/20230622_x8b_color_batch_all_cls7/20230621-224314/data.anno.pb_rec
dmpv2://mono/data/traffic_light_color_cls/20230622_x8b_color_batch_all_cls7/20230621-224314/data.rec.idx
dmpv2://mono/data/traffic_light_night_color_cls_badcase/20230622_badcase_night_color_batch_all_cls7/20230621-220234/data.rec
dmpv2://mono/data/traffic_light_night_color_cls_badcase/20230622_badcase_night_color_batch_all_cls7/20230621-220234/data.anno.pb_rec
dmpv2://mono/data/traffic_light_night_color_cls_badcase/20230622_badcase_night_color_batch_all_cls7/20230621-220234/data.rec.idx
dmpv2://mono/data/traffic_light_color_cls_badcase/20230622_badcase_day_color_batch_all_cls7/20230621-165526/data.rec
dmpv2://mono/data/traffic_light_color_cls_badcase/20230622_badcase_day_color_batch_all_cls7/20230621-165526/data.anno.pb_rec
dmpv2://mono/data/traffic_light_color_cls_badcase/20230622_badcase_day_color_batch_all_cls7/20230621-165526/data.rec.idx
dmpv2://mono/data/traffic_light_color_cls/20230608_sd_x8b_color_batch_all/20230609-002709/data.rec
dmpv2://mono/data/traffic_light_color_cls/20230608_sd_x8b_color_batch_all/20230609-002709/data.anno.pb_rec
dmpv2://mono/data/traffic_light_color_cls/20230608_sd_x8b_color_batch_all/20230609-002709/data.rec.idx
dmpv2://mono/data/traffic_light_color_cls_badcase/20230622_sd_badcase_day_color_batch_all_cls7/20230621-192932/data.rec
dmpv2://mono/data/traffic_light_color_cls_badcase/20230622_sd_badcase_day_color_batch_all_cls7/20230621-192932/data.anno.pb_rec
dmpv2://mono/data/traffic_light_color_cls_badcase/20230622_sd_badcase_day_color_batch_all_cls7/20230621-192932/data.rec.idx
dmpv2://mono/data/traffic_light_night_color_cls_badcase/20230622_sd_badcase_night_color_batch_all_cls7/20230621-221510/data.rec
dmpv2://mono/data/traffic_light_night_color_cls_badcase/20230622_sd_badcase_night_color_batch_all_cls7/20230621-221510/data.anno.pb_rec
dmpv2://mono/data/traffic_light_night_color_cls_badcase/20230622_sd_badcase_night_color_batch_all_cls7/20230621-221510/data.rec.idx
dmpv2://mono/data/traffic_light_color_cls/20230622_sd_x8b_ov30_badcase_color_batch_all_cls7/20230621-201346/data.rec
dmpv2://mono/data/traffic_light_color_cls/20230622_sd_x8b_ov30_badcase_color_batch_all_cls7/20230621-201346/data.anno.pb_rec
dmpv2://mono/data/traffic_light_color_cls/20230622_sd_x8b_ov30_badcase_color_batch_all_cls7/20230621-201346/data.rec.idx
dmpv2://mono/data/traffic_light_dire_cls/20230608_220_dire_batch_all/20230608-195011/data.rec
dmpv2://mono/data/traffic_light_dire_cls/20230608_220_dire_batch_all/20230608-195011/data.anno.pb_rec
dmpv2://mono/data/traffic_light_dire_cls/20230608_220_dire_batch_all/20230608-195011/data.rec.idx
dmpv2://mono/data/traffic_light_dire_cls/20230608_323_dire_batch_all/20230608-194506/data.rec
dmpv2://mono/data/traffic_light_dire_cls/20230608_323_dire_batch_all/20230608-194506/data.anno.pb_rec
dmpv2://mono/data/traffic_light_dire_cls/20230608_323_dire_batch_all/20230608-194506/data.rec.idx
dmpv2://mono/data/traffic_light_dire_cls/20230608_820_dire_batch_all/20230608-215436/data.rec
dmpv2://mono/data/traffic_light_dire_cls/20230608_820_dire_batch_all/20230608-215436/data.anno.pb_rec
dmpv2://mono/data/traffic_light_dire_cls/20230608_820_dire_batch_all/20230608-215436/data.rec.idx
dmpv2://mono/data/traffic_light_dire_cls/20230608_323_dire_batch_all/20230608-201338/data.rec
dmpv2://mono/data/traffic_light_dire_cls/20230608_323_dire_batch_all/20230608-201338/data.anno.pb_rec
dmpv2://mono/data/traffic_light_dire_cls/20230608_323_dire_batch_all/20230608-201338/data.rec.idx
dmpv2://mono/data/traffic_light_dire_cls/20230622_x8b_dire_batch_all/20230621-184239/data.rec
dmpv2://mono/data/traffic_light_dire_cls/20230622_x8b_dire_batch_all/20230621-184239/data.anno.pb_rec
dmpv2://mono/data/traffic_light_dire_cls/20230622_x8b_dire_batch_all/20230621-184239/data.rec.idx
dmpv2://mono/data/traffic_light_dire_cls/20230622_badcase_night_dire_batch_all/20230621-221902/data.rec
dmpv2://mono/data/traffic_light_dire_cls/20230622_badcase_night_dire_batch_all/20230621-221902/data.anno.pb_rec
dmpv2://mono/data/traffic_light_dire_cls/20230622_badcase_night_dire_batch_all/20230621-221902/data.rec.idx
dmpv2://mono/data/traffic_light_dire_cls/20230622_badcase_day_dire_batch_all/20230621-172327/data.rec
dmpv2://mono/data/traffic_light_dire_cls/20230622_badcase_day_dire_batch_all/20230621-172327/data.anno.pb_rec
dmpv2://mono/data/traffic_light_dire_cls/20230622_badcase_day_dire_batch_all/20230621-172327/data.rec.idx
dmpv2://mono/data/traffic_light_dire_cls/20230608_sd_x8b_dire_batch_all/20230608-225408/data.rec
dmpv2://mono/data/traffic_light_dire_cls/20230608_sd_x8b_dire_batch_all/20230608-225408/data.anno.pb_rec
dmpv2://mono/data/traffic_light_dire_cls/20230608_sd_x8b_dire_batch_all/20230608-225408/data.rec.idx
dmpv2://mono/data/traffic_light_dire_cls/20230622_sd_badcase_day_dire_batch_all/20230621-220246/data.rec
dmpv2://mono/data/traffic_light_dire_cls/20230622_sd_badcase_day_dire_batch_all/20230621-220246/data.anno.pb_rec
dmpv2://mono/data/traffic_light_dire_cls/20230622_sd_badcase_day_dire_batch_all/20230621-220246/data.rec.idx
dmpv2://mono/data/traffic_light_dire_cls/20230622_sd_badcase_night_dire_batch_all/20230621-223313/data.rec
dmpv2://mono/data/traffic_light_dire_cls/20230622_sd_badcase_night_dire_batch_all/20230621-223313/data.anno.pb_rec
dmpv2://mono/data/traffic_light_dire_cls/20230622_sd_badcase_night_dire_batch_all/20230621-223313/data.rec.idx
dmpv2://mono/data/traffic_light_dire_cls/20230622_sd_x8b_ov30_badcase_dire_batch_all/20230621-224500/data.rec
dmpv2://mono/data/traffic_light_dire_cls/20230622_sd_x8b_ov30_badcase_dire_batch_all/20230621-224500/data.anno.pb_rec
dmpv2://mono/data/traffic_light_dire_cls/20230622_sd_x8b_ov30_badcase_dire_batch_all/20230621-224500/data.rec.idx
dmpv2://mono/data/traffic_light_type_cls/20220809_220_type_batch_all/20220809-155152/data.rec
dmpv2://mono/fan.lv/data/traffic_light_type_cls/20220809_220_type_batch_all/20220809-155152/data.anno.pb_rec
dmpv2://mono/data/traffic_light_type_cls/20220809_220_type_batch_all/20220809-155152/data.rec.idx
dmpv2://mono/data/traffic_light_type_cls/20220811_323_type_batch_all/20220811-161700/data.rec
dmpv2://mono/fan.lv/data/traffic_light_type_cls/20220811_323_type_batch_all/20220811-161700/data.anno.pb_rec
dmpv2://mono/data/traffic_light_type_cls/20220811_323_type_batch_all/20220811-161700/data.rec.idx
dmpv2://mono/data/traffic_light_type_cls/20221024_820_type_batch_lx_online_roi/20221025-000459/data.rec
dmpv2://mono/data/traffic_light_type_cls/20221024_820_type_batch_lx_online_roi/20221025-000459/data.anno.pb_rec
dmpv2://mono/data/traffic_light_type_cls/20221024_820_type_batch_lx_online_roi/20221025-000459/data.rec.idx
dmpv2://mono/data/traffic_light_type_cls/20221024_10652_type_batch_all_online_roi/20221025-133446/data.rec
dmpv2://mono/data/traffic_light_type_cls/20221024_10652_type_batch_all_online_roi/20221025-133446/data.anno.pb_rec
dmpv2://mono/data/traffic_light_type_cls/20221024_10652_type_batch_all_online_roi/20221025-133446/data.rec.idx
dmpv2://mono/data/traffic_light_type_cls/20230622_x8b_type_batch_all/20230621-153604/data.rec
dmpv2://mono/data/traffic_light_type_cls/20230622_x8b_type_batch_all/20230621-153604/data.anno.pb_rec
dmpv2://mono/data/traffic_light_type_cls/20230622_x8b_type_batch_all/20230621-153604/data.rec.idx
dmpv2://mono/data/traffic_light_night_type_cls_badcase/20230622badcase_night_type_batch_all/20230621-160935/data.rec
dmpv2://mono/data/traffic_light_night_type_cls_badcase/20230622badcase_night_type_batch_all/20230621-160935/data.anno.pb_rec
dmpv2://mono/data/traffic_light_night_type_cls_badcase/20230622badcase_night_type_batch_all/20230621-160935/data.rec.idx
dmpv2://mono/data/traffic_light_type_cls_badcase/20230622_badcase_day_type_batch_all/20230621-170749/data.rec
dmpv2://mono/data/traffic_light_type_cls_badcase/20230622_badcase_day_type_batch_all/20230621-170749/data.anno.pb_rec
dmpv2://mono/data/traffic_light_type_cls_badcase/20230622_badcase_day_type_batch_all/20230621-170749/data.rec.idx
dmpv2://mono/data/traffic_light_type_cls/20230531_sd_x8b_type_batch_all/20230531-235539/data.rec
dmpv2://mono/data/traffic_light_type_cls/20230531_sd_x8b_type_batch_all/20230531-235539/data.anno.pb_rec
dmpv2://mono/data/traffic_light_type_cls/20230531_sd_x8b_type_batch_all/20230531-235539/data.rec.idx
dmpv2://mono/data/traffic_light_type_cls_badcase/20230622_sd_badcase_day_type_batch_all/20230621-154606/data.rec
dmpv2://mono/data/traffic_light_type_cls_badcase/20230622_sd_badcase_day_type_batch_all/20230621-154606/data.anno.pb_rec
dmpv2://mono/data/traffic_light_type_cls_badcase/20230622_sd_badcase_day_type_batch_all/20230621-154606/data.rec.idx
dmpv2://mono/data/traffic_light_type_cls_badcase/20230622_sd_badcase_night_type_batch_all/20230621-211422/data.rec
dmpv2://mono/data/traffic_light_type_cls_badcase/20230622_sd_badcase_night_type_batch_all/20230621-211422/data.anno.pb_rec
dmpv2://mono/data/traffic_light_type_cls_badcase/20230622_sd_badcase_night_type_batch_all/20230621-211422/data.rec.idx
dmpv2://mono/data/traffic_light_type_cls/20230622_sd_x8b_ov30_badcase_type_batch_all/20230621-155756/data.rec
dmpv2://mono/data/traffic_light_type_cls/20230622_sd_x8b_ov30_badcase_type_batch_all/20230621-155756/data.anno.pb_rec
dmpv2://mono/data/traffic_light_type_cls/20230622_sd_x8b_ov30_badcase_type_batch_all/20230621-155756/data.rec.idx
dmpv2://mono/data/traffic_light_fp_cls/20220809_220_fp_batch_all/20220809-155415/data.rec
dmpv2://mono/fan.lv/data/traffic_light_fp_cls/20220809_220_fp_batch_all/20220809-155415/data.anno.pb_rec
dmpv2://mono/data/traffic_light_fp_cls/20220809_220_fp_batch_all/20220809-155415/data.rec.idx
dmpv2://mono/data/traffic_light_fp_cls/20220811_323_fp_batch_all/20220811-161955/data.rec
dmpv2://mono/fan.lv/data/traffic_light_fp_cls/20220811_323_fp_batch_all/20220811-161955/data.anno.pb_rec
dmpv2://mono/data/traffic_light_fp_cls/20220811_323_fp_batch_all/20220811-161955/data.rec.idx
dmpv2://mono/data/traffic_light_fp_cls/20221024_820_fp_batch_lx_online_roi/20221024-235707/data.rec
dmpv2://mono/data/traffic_light_fp_cls/20221024_820_fp_batch_lx_online_roi/20221024-235707/data.anno.pb_rec
dmpv2://mono/data/traffic_light_fp_cls/20221024_820_fp_batch_lx_online_roi/20221024-235707/data.rec.idx
dmpv2://mono/data/traffic_light_fp_cls/20221024_10652_fp_batch_all_online_roi/20221025-135632/data.rec
dmpv2://mono/data/traffic_light_fp_cls/20221024_10652_fp_batch_all_online_roi/20221025-135632/data.anno.pb_rec
dmpv2://mono/data/traffic_light_fp_cls/20221024_10652_fp_batch_all_online_roi/20221025-135632/data.rec.idx
dmpv2://mono/data/traffic_light_fp_cls/20230622_x8b_fp_batch_all/20230621-153743/data.rec
dmpv2://mono/data/traffic_light_fp_cls/20230622_x8b_fp_batch_all/20230621-153743/data.anno.pb_rec
dmpv2://mono/data/traffic_light_fp_cls/20230622_x8b_fp_batch_all/20230621-153743/data.rec.idx
dmpv2://mono/data/traffic_light_night_fp_cls/20230622_badcase_night_fp_batch_all/20230621-190902/data.rec
dmpv2://mono/data/traffic_light_night_fp_cls/20230622_badcase_night_fp_batch_all/20230621-190902/data.anno.pb_rec
dmpv2://mono/data/traffic_light_night_fp_cls/20230622_badcase_night_fp_batch_all/20230621-190902/data.rec.idx
dmpv2://mono/data/traffic_light_fp_cls_badcase/20230622_badcase_day_fp_batch_all/20230621-183434/data.rec
dmpv2://mono/data/traffic_light_fp_cls_badcase/20230622_badcase_day_fp_batch_all/20230621-183434/data.anno.pb_rec
dmpv2://mono/data/traffic_light_fp_cls_badcase/20230622_badcase_day_fp_batch_all/20230621-183434/data.rec.idx
dmpv2://mono/data/traffic_light_fp_cls/20230531_sd_x8b_fp_batch_all/20230601-004225/data.rec
dmpv2://mono/data/traffic_light_fp_cls/20230531_sd_x8b_fp_batch_all/20230601-004225/data.anno.pb_rec
dmpv2://mono/data/traffic_light_fp_cls/20230531_sd_x8b_fp_batch_all/20230601-004225/data.rec.idx
dmpv2://mono/data/traffic_light_fp_cls_badcase/20230622_sd_badcase_day_fp_batch_all/20230621-155012/data.rec
dmpv2://mono/data/traffic_light_fp_cls_badcase/20230622_sd_badcase_day_fp_batch_all/20230621-155012/data.anno.pb_rec
dmpv2://mono/data/traffic_light_fp_cls_badcase/20230622_sd_badcase_day_fp_batch_all/20230621-155012/data.rec.idx
dmpv2://mono/data/traffic_light_fp_cls_badcase/20230622_sd_badcase_night_fp_batch_all/20230621-160141/data.rec
dmpv2://mono/data/traffic_light_fp_cls_badcase/20230622_sd_badcase_night_fp_batch_all/20230621-160141/data.anno.pb_rec
dmpv2://mono/data/traffic_light_fp_cls_badcase/20230622_sd_badcase_night_fp_batch_all/20230621-160141/data.rec.idx
dmpv2://mono/data/traffic_light_fp_cls/20230622_sd_x8b_ov30_badcase_fp_batch_all/20230621-214022/data.rec
dmpv2://mono/data/traffic_light_fp_cls/20230622_sd_x8b_ov30_badcase_fp_batch_all/20230621-214022/data.anno.pb_rec
dmpv2://mono/data/traffic_light_fp_cls/20230622_sd_x8b_ov30_badcase_fp_batch_all/20230621-214022/data.rec.idx
dmpv2://mono/data/traffic_light_time_cls/20230417_x8b_timing_light/20230417-221156/data.rec
dmpv2://mono/data/traffic_light_time_cls/20230417_x8b_timing_light/20230417-221156/data.anno.pb_rec
dmpv2://mono/data/traffic_light_time_cls/20230417_x8b_timing_light/20230417-221156/data.rec.idx
dmpv2://mono/data/traffic_light_time_cls/20230622_mono_x8b_timing_light/20230621-144833/data.rec
dmpv2://mono/data/traffic_light_time_cls/20230622_mono_x8b_timing_light/20230621-144833/data.anno.pb_rec
dmpv2://mono/data/traffic_light_time_cls/20230622_mono_x8b_timing_light/20230621-144833/data.rec.idx
dmpv2://mono/data/traffic_light_time_cls/20230417_820_timing_light/20230417-221445/data.rec
dmpv2://mono/data/traffic_light_time_cls/20230417_820_timing_light/20230417-221445/data.anno.pb_rec
dmpv2://mono/data/traffic_light_time_cls/20230417_820_timing_light/20230417-221445/data.rec.idx
dmpv2://mono/data/traffic_light_time_cls/20230417_820_timing_light/20230418-022132/data.rec
dmpv2://mono/data/traffic_light_time_cls/20230417_820_timing_light/20230418-022132/data.anno.pb_rec
dmpv2://mono/data/traffic_light_time_cls/20230417_820_timing_light/20230418-022132/data.rec.idx
dmpv2://mono/data/traffic_light_time_cls/20230622_mono_badcase_time_cls_batch_all/20230621-155536/data.rec
dmpv2://mono/data/traffic_light_time_cls/20230622_mono_badcase_time_cls_batch_all/20230621-155536/data.anno.pb_rec
dmpv2://mono/data/traffic_light_time_cls/20230622_mono_badcase_time_cls_batch_all/20230621-155536/data.rec.idx
dmpv2://mono/data/traffic_light_time_cls/20230531_sd_x8b_time_cls/20230601-002249/data.rec
dmpv2://mono/data/traffic_light_time_cls/20230531_sd_x8b_time_cls/20230601-002249/data.anno.pb_rec
dmpv2://mono/data/traffic_light_time_cls/20230531_sd_x8b_time_cls/20230601-002249/data.rec.idx
dmpv2://mono/data/traffic_light_time_cls/20230622_sd_badcase_day_time_cls/20230621-155220/data.rec
dmpv2://mono/data/traffic_light_time_cls/20230622_sd_badcase_day_time_cls/20230621-155220/data.anno.pb_rec
dmpv2://mono/data/traffic_light_time_cls/20230622_sd_badcase_day_time_cls/20230621-155220/data.rec.idx
dmpv2://mono/data/traffic_light_time_cls/20230622_sd_badcase_night_time_cls/20230621-191652/data.rec
dmpv2://mono/data/traffic_light_time_cls/20230622_sd_badcase_night_time_cls/20230621-191652/data.anno.pb_rec
dmpv2://mono/data/traffic_light_time_cls/20230622_sd_badcase_night_time_cls/20230621-191652/data.rec.idx
dmpv2://mono/data/traffic_light_time_cls/20230622_sd_x8b_ov30_time_cls/20230621-173129/data.rec
dmpv2://mono/data/traffic_light_time_cls/20230622_sd_x8b_ov30_time_cls/20230621-173129/data.anno.pb_rec
dmpv2://mono/data/traffic_light_time_cls/20230622_sd_x8b_ov30_time_cls/20230621-173129/data.rec.idx
